// Jest Snapshot v1, https://goo.gl/fbAQLP

exports[`<Links /> renders correctly 1`] = `
<styled.div>
  <styled.a
    href="http://www.ca.gov/Use"
  >
    Conditions of Use
  </styled.a>
  <styled.a
    href="http://www.ca.gov/Privacy"
  >
    Privacy Policy
  </styled.a>
  <styled.a
    href="http://www.ca.gov/Accessibility"
  >
    Accessibility
  </styled.a>
  <Styled(Link)
    to="/help"
  >
    Contact Us
  </Styled(Link)>
  <Version />
</styled.div>
`;
