// Jest Snapshot v1, https://goo.gl/fbAQLP

exports[`<Header /> renders correctly 1`] = `
<styled.header>
  <TitleBar
    isMobile={false}
    onClick={[Function]}
    title="test title"
  />
  <NavBar
    isMobile={false}
    mobileNavVisible={false}
    onClick={[Function]}
    onToggle={[Function]}
  />
</styled.header>
`;
