// Jest Snapshot v1, https://goo.gl/fbAQLP

exports[`<NavBar /> renders correctly 1`] = `
<styled.div>
  <Container>
    <styled.div
      isMobile={false}
    >
      <NavLogo
        isMobile={false}
      />
      <NavLinks
        isMobile={false}
      />
    </styled.div>
  </Container>
</styled.div>
`;
