// Jest Snapshot v1, https://goo.gl/fbAQLP

exports[`<TitleBar /> renders correctly 1`] = `
<styled.div>
  <Container>
    <styled.div>
      <styled.div>
        <TitleLogo />
        <TitleText
          title="test title"
        />
      </styled.div>
      <TitleLinks />
    </styled.div>
  </Container>
</styled.div>
`;
